STT Whisper: загрузка модели large-v3-turbo на cuda (float16)...
STT Whisper: модель large-v3-turbo готова.
STT Whisper: загрузка модели large-v3-turbo на cuda (float16)...
STT Whisper: модель large-v3-turbo готова.
STT Whisper: загрузка модели large-v3-turbo на cuda (float16)...
STT Whisper: модель large-v3-turbo готова.
STT Whisper: загрузка модели large-v3-turbo на cuda (float16)...
STT Whisper: модель large-v3-turbo готова.
Exception in thread jarvis-speech-listener:
Traceback (most recent call last):
  File "/usr/lib/python3.14/threading.py", line 1082, in _bootstrap_inner
    self._context.run(self.run)
    ~~~~~~~~~~~~~~~~~^^^^^^^^^^
  File "/usr/lib/python3.14/threading.py", line 1024, in run
    self._target(*self._args, **self._kwargs)
    ~~~~~~~~~~~~^^^^^^^^^^^^^^^^^^^^^^^^^^^^^
  File "/home/gd/Documents/MyProjects/Jarvis/.jarvis/handlers/speech_recognized/pipeline.py", line 119, in _listen
    segment = self.segmenter.feed(frame)
              ^^^^^^^^^^^^^^^^^^^
AttributeError: 'NoneType' object has no attribute 'feed'
